i is 0, count is 0
i is 1, count is 1
i is 2, count is 2
i is 3, count is 3
i is 4, count is 4
i is 5, count is 5
i is 6, count is 6
i is 7, count is 7
i is 8, count is 8
i is 9, count is 9
char 0 of 'hello' is h
char 1 of 'hello' is e
char 2 of 'hello' is l
char 3 of 'hello' is l
char 4 of 'hello' is o
